  2021-01: 1653
  2021-02: 489
  2021-03: 596
  2021-04: 420
  2021-05: 438
  2021-06: 460
  2021-07: 723
  2021-08: 570
  2021-09: 584
  2021-10: 642
  2021-11: 689
  2021-12: 614
  2022-01: 1794
  2022-02: 643
  2022-03: 704
  2022-04: 447
  2022-05: 602
  2022-06: 664
  2022-07: 663
  2022-08: 489
  2022-09: 615
  2022-10: 479
  2022-11: 677
  2022-12: 516
  2023-01: 1881
  2023-02: 600
  2023-03: 791
  2023-04: 591
  2023-05: 738
  2023-06: 537
  2023-07: 741
  2023-08: 591
  2023-09: 577
  2023-10: 661
  2023-11: 777
  2023-12: 812
  2024-01: 1728
  2024-02: 1022
  2024-03: 666
  2024-04: 604
  2024-05: 712
  2024-06: 789
  2024-07: 744
  2024-08: 695
  2024-09: 627
  2024-10: 697
  2024-11: 556
  2024-12: 652
  2025-01: 2256
  2025-02: 1274
  2025-03: 597
  2025-04: 623
  2025-05: 895
  2025-06: 1067
  2025-07: 834
  2025-08: 688
  2025-09: 1060
  2025-10: 1084
  2025-11: 1004
  2025-12: 1322
  2026-01: 2519
  2026-02: 1117
  2026-03: 1367
  2026-04: 912
  2026-05: 1323
  2026-06: 1389
  2026-07: 1409
  2026-08: 1242
  2026-09: 0
total empenhos: 58,942 | R$ 9,638,420,939 | com local identificado: 3,358 (R$ 307,843,993, 3.2%)
